usage: gvm-test-cli ssh [-h] --hostname HOSTNAME [--port PORT]
                        [--ssh-username SSH_USERNAME]
                        [--ssh-password SSH_PASSWORD]

optional arguments:
  -h, --help            show this help message and exit
  --hostname HOSTNAME   Hostname or IP address
  --port PORT           SSH port (default: None)
  --ssh-username SSH_USERNAME
                        SSH username (default: None)
  --ssh-password SSH_PASSWORD
                        SSH password (default: None)
